// Jest Snapshot v1, https://goo.gl/fbAQLP

exports[`CandlV3Factory #createPool gas 1`] = `4729417`;

exports[`CandlV3Factory factory bytecode size 1`] = `5151`;

exports[`CandlV3Factory pool bytecode size 1`] = `22962`;
